// Jest Snapshot v1, https://goo.gl/fbAQLP

exports[`w-alert should render 1`] = `
<w-alert>
  #shadow-root(open)
</w-alert>
`;
